shell.cpp:204:9:int32_t shell_help(uint8_t*)	0	static
shell.cpp:1030:9:int32_t shell_psv(uint8_t*)	0	static
shell.cpp:1016:9:int32_t shell_svc(uint8_t*)	8	static
shell.cpp:999:9:int32_t shell_fwu(uint8_t*)	96	static
shell.cpp:131:9:uint8_t str_parser(char*)	24	static
shell.cpp:449:9:int32_t shell_flash(uint8_t*)	24	static
shell.cpp:225:9:int32_t shell_fatal(uint8_t*)	104	static
shell.cpp:791:9:int32_t shell_ram(uint8_t*)	16	static
shell.cpp:218:9:int32_t shell_reboot(uint8_t*)	8	static
shell.cpp:174:9:int32_t shell_ver(uint8_t*)	24	static
shell.cpp:168:9:int32_t shell_reset(uint8_t*)	8	static
shell.cpp:933:9:int32_t shell_boot(uint8_t*)	96	static
shell.cpp:396:9:int32_t shell_eps(uint8_t*)	24	static
shell.cpp:391:9:int32_t shell_epi(uint8_t*)	0	static
shell.cpp:383:9:int32_t shell_stt(uint8_t*)	0	static
shell.cpp:572:9:int32_t shell_dbg(uint8_t*)	104	dynamic
shell.cpp:522:9:int32_t shell_lcd(uint8_t*)	8	static
